[tetris.com/play-tetris/index45c0.html]
[backblue.gif]
[fade.gif]
[index.html]
[tetris.com/assets/brand/project-logo.png]
[tetris.com/assets/css/style1bce.css]
[tetris.com/assets/js/app-built1bce.js]
[tetris.com/assets/images/favicon/apple-icon-57x57.png]
[tetris.com/assets/images/favicon/apple-icon-60x60.png]
[tetris.com/assets/images/favicon/apple-icon-72x72.png]
[tetris.com/assets/images/favicon/apple-icon-76x76.png]
[tetris.com/assets/images/favicon/apple-icon-114x114.png]
[tetris.com/assets/images/favicon/apple-icon-120x120.png]
[tetris.com/assets/images/favicon/apple-icon-144x144.png]
[tetris.com/assets/images/favicon/apple-icon-152x152.png]
[tetris.com/assets/images/favicon/apple-icon-180x180.png]
[tetris.com/assets/images/favicon/android-icon-192x192.png]
[tetris.com/assets/images/favicon/favicon-32x32.png]
[tetris.com/assets/images/favicon/favicon-96x96.png]
[tetris.com/assets/images/favicon/favicon-16x16.png]
[www.google-analytics.com/analytics.js]
[www.googletagservices.com/tag/js/gpt.js]
[tetris.com/play-tetris-content/resources/project-tetriscom/images/main-background.jpg]
[tetris.com/play-tetris-content/adsb660.js]
[tetris.com/play-tetris-content/resources/project-tetriscom/images/mb_promo_v1.png]
[tetris.com/play-tetris-content/resources/images/controls_and_scoring.png]
[tetris.com/assets/brand/footer-logo.png]
[tetris.com/play-tetris/index3c75.html]
[tetris.com/play-tetris/index45c0.html]
[ajax.cloudflare.com/cdn-cgi/scripts/2448a7bd/cloudflare-static/rocket-loader.min.js]
[tetris.com/assets/brand/footer-tetriminos.png]
[tetris.com/assets/brand/footer-pattern.png]
[s7.addthis.com/js/300/addthis_widget.js]
[tetris.com/assets/brand/tetriminos-banner.png]
[tetris.com/assets/images/lightbox/loading.gif]
[tetris.com/assets/css/style1bce.css]
[tetris.com/play-tetris/index3c75.html]
[tetris.com/assets/images/lightbox/loading.html]
